// Jest Snapshot v1, https://goo.gl/fbAQLP

exports[`renders correctly 1`] = `
<Text
  style={
    [
      {
        "color": "#FFFFFF",
        "fontFamily": "FunnelSans-Regular",
        "fontSize": 24,
      },
      {
        "color": "#FFFFFF",
        "fontFamily": "FunnelSans-Regular",
        "fontSize": 24,
      },
      undefined,
    ]
  }
>
  Snapshot test!
</Text>
`;
